// Jest Snapshot v1, https://goo.gl/fbAQLP

exports[`Has query chaining BinaryExpression:has(Identifier[name="x"]):has(Literal[value="test"]) 1`] = ``;

exports[`Has query conditional ExpressionStatement:has([name="foo"][type="Identifier"]) 1`] = `
  1 | if (x === 1) {
> 2 |   foo();
    |   ^^^^^^ ExpressionStatement
  3 | } else {
  4 |   x = 2;
  5 | }
`;

exports[`Has query nesting Program:has(IfStatement:has(Literal[value=true], Literal[value=false])) 1`] = ``;

exports[`Has query non-matching :has([value="impossible"]) 1`] = ``;

exports[`Has query one of IfStatement:has(LogicalExpression [name="foo"], LogicalExpression [name="x"]) 1`] = `
   4 |   x = 2;
   5 | }
>  6 | if ((x == "test" && true) || x) {
     | ^^^^^^^^^^^^^^^^^^^^^^^^^^^^^^^^
>  7 |   y = -1;
     | ^^^^^^^^^
>  8 | } else if (false) {
     | ^^^^^^^^^
>  9 |   y = 1;
     | ^^^^^^^^^
> 10 | }
     | ^^ IfStatement
  11 | 
`;
